\BOOKMARK [1][-]{chapter*.2}{\376\377\000A\000c\000k\000n\000o\000w\000l\000e\000d\000g\000m\000e\000n\000t\000s}{}% 1
\BOOKMARK [1][-]{chapter*.3}{\376\377\000A\000b\000s\000t\000r\000a\000c\000t}{}% 2
\BOOKMARK [1][-]{chapter*.3}{\376\377\000L\000i\000s\000t\000\040\000o\000f\000\040\000T\000a\000b\000l\000e\000s}{}% 3
\BOOKMARK [1][-]{chapter*.3}{\376\377\000L\000i\000s\000t\000\040\000o\000f\000\040\000F\000i\000g\000u\000r\000e\000s}{}% 4
\BOOKMARK [0][-]{chapter.1}{\376\377\000I\000n\000t\000r\000o\000d\000u\000c\000t\000i\000o\000n}{}% 5
\BOOKMARK [1][-]{section.1.1}{\376\377\000P\000r\000o\000b\000l\000e\000m\000\040\000D\000e\000f\000i\000n\000i\000t\000i\000o\000n}{chapter.1}% 6
\BOOKMARK [1][-]{section.1.2}{\376\377\000C\000h\000a\000l\000l\000e\000n\000g\000e\000s\000\040\000i\000n\000\040\000M\000e\000d\000i\000c\000a\000l\000\040\000I\000m\000a\000g\000e\000\040\000A\000n\000a\000l\000y\000s\000i\000s}{chapter.1}% 7
\BOOKMARK [2][-]{subsection.1.2.1}{\376\377\000C\000o\000m\000p\000l\000e\000x\000\040\000A\000n\000a\000t\000o\000m\000i\000c\000a\000l\000\040\000S\000t\000r\000u\000c\000t\000u\000r\000e\000s}{section.1.2}% 8
\BOOKMARK [2][-]{subsection.1.2.2}{\376\377\000S\000u\000b\000t\000l\000e\000\040\000A\000p\000p\000e\000a\000r\000a\000n\000c\000e\000\040\000o\000f\000\040\000E\000a\000r\000l\000y\000-\000S\000t\000a\000g\000e\000\040\000D\000i\000s\000e\000a\000s\000e\000s}{section.1.2}% 9
\BOOKMARK [2][-]{subsection.1.2.3}{\376\377\000V\000a\000r\000i\000a\000b\000i\000l\000i\000t\000y\000\040\000i\000n\000\040\000D\000i\000s\000e\000a\000s\000e\000\040\000P\000r\000e\000s\000e\000n\000t\000a\000t\000i\000o\000n}{section.1.2}% 10
\BOOKMARK [2][-]{subsection.1.2.4}{\376\377\000D\000e\000p\000e\000n\000d\000e\000n\000c\000e\000\040\000o\000n\000\040\000R\000a\000d\000i\000o\000l\000o\000g\000i\000s\000t\000\040\000E\000x\000p\000e\000r\000t\000i\000s\000e}{section.1.2}% 11
\BOOKMARK [2][-]{subsection.1.2.5}{\376\377\000I\000n\000t\000e\000r\000-\000O\000b\000s\000e\000r\000v\000e\000r\000\040\000a\000n\000d\000\040\000I\000n\000t\000r\000a\000-\000O\000b\000s\000e\000r\000v\000e\000r\000\040\000V\000a\000r\000i\000a\000b\000i\000l\000i\000t\000y}{section.1.2}% 12
\BOOKMARK [2][-]{subsection.1.2.6}{\376\377\000L\000a\000r\000g\000e\000\040\000V\000o\000l\000u\000m\000e\000\040\000o\000f\000\040\000I\000m\000a\000g\000i\000n\000g\000\040\000D\000a\000t\000a}{section.1.2}% 13
\BOOKMARK [2][-]{subsection.1.2.7}{\376\377\000T\000i\000m\000e\000\040\000C\000o\000n\000s\000t\000r\000a\000i\000n\000t\000s\000\040\000i\000n\000\040\000C\000l\000i\000n\000i\000c\000a\000l\000\040\000P\000r\000a\000c\000t\000i\000c\000e}{section.1.2}% 14
\BOOKMARK [2][-]{subsection.1.2.8}{\376\377\000I\000m\000a\000g\000e\000\040\000Q\000u\000a\000l\000i\000t\000y\000\040\000L\000i\000m\000i\000t\000a\000t\000i\000o\000n\000s}{section.1.2}% 15
\BOOKMARK [2][-]{subsection.1.2.9}{\376\377\000D\000i\000a\000g\000n\000o\000s\000t\000i\000c\000\040\000E\000r\000r\000o\000r\000s\000\040\000a\000n\000d\000\040\000M\000i\000s\000s\000e\000d\000\040\000F\000i\000n\000d\000i\000n\000g\000s}{section.1.2}% 16
\BOOKMARK [2][-]{subsection.1.2.10}{\376\377\000C\000h\000a\000l\000l\000e\000n\000g\000e\000s\000\040\000i\000n\000\040\000L\000u\000n\000g\000\040\000C\000a\000n\000c\000e\000r\000\040\000D\000e\000t\000e\000c\000t\000i\000o\000n}{section.1.2}% 17
\BOOKMARK [2][-]{subsection.1.2.11}{\376\377\000I\000n\000c\000r\000e\000a\000s\000i\000n\000g\000\040\000D\000e\000m\000a\000n\000d\000\040\000f\000o\000r\000\040\000R\000a\000d\000i\000o\000l\000o\000g\000i\000c\000a\000l\000\040\000S\000e\000r\000v\000i\000c\000e\000s}{section.1.2}% 18
\BOOKMARK [1][-]{section.1.3}{\376\377\000B\000a\000c\000k\000g\000r\000o\000u\000n\000d\000\040\000a\000n\000d\000\040\000M\000o\000t\000i\000v\000a\000t\000i\000o\000n}{chapter.1}% 19
\BOOKMARK [2][-]{subsection.1.3.1}{\376\377\000R\000i\000s\000e\000\040\000o\000f\000\040\000C\000o\000m\000p\000u\000t\000e\000r\000\040\000V\000i\000s\000i\000o\000n\000\040\000i\000n\000\040\000A\000u\000t\000o\000m\000a\000t\000e\000d\000\040\000A\000n\000a\000l\000y\000s\000i\000s}{section.1.3}% 20
\BOOKMARK [2][-]{subsection.1.3.2}{\376\377\000L\000i\000m\000i\000t\000a\000t\000i\000o\000n\000s\000\040\000o\000f\000\040\000C\000e\000n\000t\000r\000a\000l\000i\000z\000e\000d\000\040\000M\000a\000c\000h\000i\000n\000e\000\040\000L\000e\000a\000r\000n\000i\000n\000g}{section.1.3}% 21
\BOOKMARK [1][-]{section.1.4}{\376\377\000S\000u\000g\000g\000e\000s\000t\000e\000d\000\040\000S\000o\000l\000u\000t\000i\000o\000n}{chapter.1}% 22
\BOOKMARK [2][-]{subsection.1.4.1}{\376\377\000E\000x\000p\000l\000a\000i\000n\000a\000b\000l\000e\000\040\000A\000r\000t\000i\000f\000i\000c\000i\000a\000l\000\040\000I\000n\000t\000e\000l\000l\000i\000g\000e\000n\000c\000e\000\040\000\050\000X\000A\000I\000\051\000\040\000i\000n\000\040\000T\000h\000o\000r\000a\000c\000i\000c\000\040\000D\000i\000a\000g\000n\000o\000s\000t\000i\000c\000s}{section.1.4}% 23
\BOOKMARK [2][-]{subsection.1.4.2}{\376\377\000F\000e\000d\000e\000r\000a\000t\000e\000d\000\040\000L\000e\000a\000r\000n\000i\000n\000g\000\040\000F\000r\000a\000m\000e\000w\000o\000r\000k\000s\000\040\000f\000o\000r\000\040\000D\000e\000c\000e\000n\000t\000r\000a\000l\000i\000z\000e\000d\000\040\000T\000h\000o\000r\000a\000c\000i\000c\000\040\000I\000m\000a\000g\000i\000n\000g}{section.1.4}% 24
\BOOKMARK [1][-]{section.1.5}{\376\377\000P\000r\000o\000j\000e\000c\000t\000\040\000S\000c\000o\000p\000e}{chapter.1}% 25
\BOOKMARK [1][-]{section.1.6}{\376\377\000P\000r\000o\000j\000e\000c\000t\000\040\000O\000b\000j\000e\000c\000t\000i\000v\000e\000s}{chapter.1}% 26
\BOOKMARK [1][-]{section.1.7}{\376\377\000P\000r\000o\000j\000e\000c\000t\000\040\000C\000h\000a\000l\000l\000e\000n\000g\000e\000s}{chapter.1}% 27
\BOOKMARK [2][-]{subsection.1.7.1}{\376\377\000L\000i\000m\000i\000t\000e\000d\000\040\000A\000v\000a\000i\000l\000a\000b\000i\000l\000i\000t\000y\000\040\000o\000f\000\040\000H\000i\000g\000h\000-\000Q\000u\000a\000l\000i\000t\000y\000\040\000M\000e\000d\000i\000c\000a\000l\000\040\000D\000a\000t\000a}{section.1.7}% 28
\BOOKMARK [2][-]{subsection.1.7.2}{\376\377\000V\000a\000r\000i\000a\000b\000i\000l\000i\000t\000y\000\040\000i\000n\000\040\000I\000m\000a\000g\000e\000\040\000A\000c\000q\000u\000i\000s\000i\000t\000i\000o\000n}{section.1.7}% 29
\BOOKMARK [2][-]{subsection.1.7.3}{\376\377\000I\000m\000a\000g\000e\000\040\000N\000o\000i\000s\000e\000\040\000a\000n\000d\000\040\000A\000r\000t\000i\000f\000a\000c\000t\000s}{section.1.7}% 30
\BOOKMARK [2][-]{subsection.1.7.4}{\376\377\000C\000o\000m\000p\000l\000e\000x\000i\000t\000y\000\040\000o\000f\000\040\000D\000i\000s\000e\000a\000s\000e\000\040\000M\000a\000n\000i\000f\000e\000s\000t\000a\000t\000i\000o\000n\000s}{section.1.7}% 31
\BOOKMARK [2][-]{subsection.1.7.5}{\376\377\000C\000l\000a\000s\000s\000\040\000I\000m\000b\000a\000l\000a\000n\000c\000e\000\040\000i\000n\000\040\000M\000e\000d\000i\000c\000a\000l\000\040\000D\000a\000t\000a\000s\000e\000t\000s}{section.1.7}% 32
\BOOKMARK [2][-]{subsection.1.7.6}{\376\377\000I\000n\000t\000e\000r\000p\000r\000e\000t\000a\000b\000i\000l\000i\000t\000y\000\040\000a\000n\000d\000\040\000E\000x\000p\000l\000a\000i\000n\000a\000b\000i\000l\000i\000t\000y}{section.1.7}% 33
\BOOKMARK [2][-]{subsection.1.7.7}{\376\377\000G\000e\000n\000e\000r\000a\000l\000i\000z\000a\000t\000i\000o\000n\000\040\000a\000n\000d\000\040\000R\000o\000b\000u\000s\000t\000n\000e\000s\000s}{section.1.7}% 34
\BOOKMARK [2][-]{subsection.1.7.8}{\376\377\000T\000h\000r\000e\000e\000-\000D\000i\000m\000e\000n\000s\000i\000o\000n\000a\000l\000\040\000N\000a\000t\000u\000r\000e\000\040\000o\000f\000\040\000C\000T\000\040\000D\000a\000t\000a}{section.1.7}% 35
\BOOKMARK [2][-]{subsection.1.7.9}{\376\377\000A\000c\000c\000u\000r\000a\000t\000e\000\040\000S\000e\000g\000m\000e\000n\000t\000a\000t\000i\000o\000n\000\040\000o\000f\000\040\000A\000n\000a\000t\000o\000m\000i\000c\000a\000l\000\040\000S\000t\000r\000u\000c\000t\000u\000r\000e\000s}{section.1.7}% 36
\BOOKMARK [2][-]{subsection.1.7.10}{\376\377\000C\000l\000i\000n\000i\000c\000a\000l\000\040\000V\000a\000l\000i\000d\000a\000t\000i\000o\000n\000\040\000a\000n\000d\000\040\000R\000e\000g\000u\000l\000a\000t\000o\000r\000y\000\040\000R\000e\000q\000u\000i\000r\000e\000m\000e\000n\000t\000s}{section.1.7}% 37
\BOOKMARK [2][-]{subsection.1.7.11}{\376\377\000E\000t\000h\000i\000c\000a\000l\000\040\000a\000n\000d\000\040\000P\000r\000i\000v\000a\000c\000y\000\040\000C\000o\000n\000s\000i\000d\000e\000r\000a\000t\000i\000o\000n\000s}{section.1.7}% 38
\BOOKMARK [2][-]{subsection.1.7.12}{\376\377\000C\000o\000m\000p\000u\000t\000a\000t\000i\000o\000n\000a\000l\000\040\000R\000e\000s\000o\000u\000r\000c\000e\000\040\000R\000e\000q\000u\000i\000r\000e\000m\000e\000n\000t\000s}{section.1.7}% 39
\BOOKMARK [1][-]{section.1.8}{\376\377\000S\000u\000m\000m\000a\000r\000y}{chapter.1}% 40
\BOOKMARK [0][-]{chapter.2}{\376\377\000L\000i\000t\000e\000r\000a\000t\000u\000r\000e\000\040\000R\000e\000v\000i\000e\000w}{}% 41
\BOOKMARK [1][-]{section.2.1}{\376\377\000M\000e\000d\000i\000c\000a\000l\000\040\000I\000m\000a\000g\000e\000\040\000D\000i\000a\000g\000n\000o\000s\000i\000s}{chapter.2}% 42
\BOOKMARK [2][-]{subsection.2.1.1}{\376\377\000L\000u\000n\000g\000\040\000C\000a\000n\000c\000e\000r\000\040\000D\000e\000t\000e\000c\000t\000i\000o\000n}{section.2.1}% 43
\BOOKMARK [2][-]{subsection.2.1.2}{\376\377\000C\000h\000e\000s\000t\000\040\000D\000i\000s\000e\000a\000s\000e\000s\000\040\000D\000e\000t\000e\000c\000t\000i\000o\000n}{section.2.1}% 44
\BOOKMARK [2][-]{subsection.2.1.3}{\376\377\000T\000a\000r\000g\000e\000t\000\040\000D\000i\000s\000e\000a\000s\000e\000s\000\040\000a\000n\000d\000\040\000T\000h\000e\000i\000r\000\040\000R\000a\000d\000i\000o\000l\000o\000g\000i\000c\000a\000l\000\040\000C\000h\000a\000r\000a\000c\000t\000e\000r\000i\000s\000t\000i\000c\000s}{section.2.1}% 45
\BOOKMARK [3][-]{subsubsection.2.1.3.1}{\376\377\000L\000u\000n\000g\000\040\000C\000a\000n\000c\000e\000r}{subsection.2.1.3}% 46
\BOOKMARK [3][-]{subsubsection.2.1.3.2}{\376\377\000P\000n\000e\000u\000m\000o\000n\000i\000a}{subsection.2.1.3}% 47
\BOOKMARK [3][-]{subsubsection.2.1.3.3}{\376\377\000C\000O\000V\000I\000D\000-\0001\0009}{subsection.2.1.3}% 48
\BOOKMARK [3][-]{subsubsection.2.1.3.4}{\376\377\000T\000u\000b\000e\000r\000c\000u\000l\000o\000s\000i\000s}{subsection.2.1.3}% 49
\BOOKMARK [3][-]{subsubsection.2.1.3.5}{\376\377\000C\000o\000m\000p\000a\000r\000a\000t\000i\000v\000e\000\040\000R\000a\000d\000i\000o\000l\000o\000g\000i\000c\000a\000l\000\040\000C\000h\000a\000r\000a\000c\000t\000e\000r\000i\000s\000t\000i\000c\000s}{subsection.2.1.3}% 50
\BOOKMARK [1][-]{section.2.2}{\376\377\000E\000x\000p\000l\000a\000i\000n\000a\000b\000l\000e\000\040\000A\000I\000\040\000\050\000X\000A\000I\000\051\000\040\000i\000n\000\040\000M\000e\000d\000i\000c\000a\000l\000\040\000I\000m\000a\000g\000e\000\040\000D\000i\000a\000g\000n\000o\000s\000i\000s}{chapter.2}% 51
\BOOKMARK [2][-]{subsubsection.2.2.0.1}{\376\377\000R\000e\000l\000a\000t\000e\000d\000\040\000P\000a\000p\000e\000r\000s\000\040\000o\000n\000\040\000X\000A\000I\000\040\000F\000o\000r\000\040\000L\000u\000n\000g\000\040\000C\000a\000n\000c\000e\000r\000\040\000C\000l\000a\000s\000s\000i\000f\000i\000c\000a\000t\000i\000o\000n}{section.2.2}% 52
\BOOKMARK [3][-]{subsubsection.2.2.0.2}{\376\377\000R\000e\000l\000a\000t\000e\000d\000\040\000P\000a\000p\000e\000r\000s\000\040\000o\000n\000\040\000X\000A\000I\000\040\000F\000o\000r\000\040\000C\000h\000e\000s\000t\000\040\000D\000i\000s\000e\000a\000s\000e\000\040\000M\000u\000l\000t\000i\000-\000c\000l\000a\000s\000s\000\040\000C\000l\000a\000s\000s\000i\000f\000i\000c\000a\000t\000i\000o\000n}{subsubsection.2.2.0.1}% 53
\BOOKMARK [1][-]{section.2.3}{\376\377\000F\000e\000d\000e\000r\000a\000t\000e\000d\000\040\000L\000e\000a\000r\000n\000i\000n\000g}{chapter.2}% 54
\BOOKMARK [2][-]{subsubsection.2.3.0.1}{\376\377\000R\000e\000l\000a\000t\000e\000d\000\040\000P\000a\000p\000e\000r\000s\000\040\000o\000n\000\040\000F\000L\000\040\000F\000o\000r\000\040\000L\000u\000n\000g\000\040\000C\000a\000n\000c\000e\000r\000\040\000C\000l\000a\000s\000s\000i\000f\000i\000c\000a\000t\000i\000o\000n}{section.2.3}% 55
\BOOKMARK [3][-]{subsubsection.2.3.0.2}{\376\377\000R\000e\000l\000a\000t\000e\000d\000\040\000P\000a\000p\000e\000r\000s\000\040\000o\000n\000\040\000F\000L\000\040\000F\000o\000r\000\040\000C\000h\000e\000s\000t\000\040\000X\000-\000r\000a\000y\000\040\000D\000i\000s\000e\000a\000s\000e\000\040\000M\000u\000l\000t\000i\000-\000c\000l\000a\000s\000s\000\040\000C\000l\000a\000s\000s\000i\000f\000i\000c\000a\000t\000i\000o\000n}{subsubsection.2.3.0.1}% 56
\BOOKMARK [1][-]{section.2.4}{\376\377\000C\000o\000m\000b\000i\000n\000e\000d\000\040\000A\000p\000p\000r\000o\000a\000c\000h\000e\000s}{chapter.2}% 57
\BOOKMARK [2][-]{subsection.2.4.1}{\376\377\000R\000e\000l\000a\000t\000e\000d\000\040\000P\000a\000p\000e\000r\000s\000\040\000o\000n\000\040\000C\000o\000m\000b\000i\000n\000e\000d\000\040\000A\000p\000p\000r\000o\000a\000c\000h\000e\000s\000\040\000f\000o\000r\000\040\000C\000h\000e\000s\000t\000\040\000D\000i\000s\000e\000a\000s\000e\000s\000\040\000D\000e\000t\000e\000c\000t\000i\000o\000n\000\040\000w\000i\000t\000h\000\040\000X\000A\000I\000\040\000a\000n\000d\000\040\000F\000e\000d\000e\000r\000a\000t\000e\000d\000\040\000L\000e\000a\000r\000n\000i\000n\000g}{section.2.4}% 58
\BOOKMARK [1][-]{section.2.5}{\376\377\000S\000u\000m\000m\000a\000r\000y\000\040\000o\000f\000\040\000R\000e\000l\000a\000t\000e\000d\000\040\000P\000a\000p\000e\000r\000s}{chapter.2}% 59
\BOOKMARK [1][-]{section.2.6}{\376\377\000D\000a\000t\000a\000s\000e\000t\000s\000\040\000U\000t\000i\000l\000i\000z\000e\000d\000\040\000i\000n\000\040\000t\000h\000e\000\040\000P\000r\000o\000j\000e\000c\000t}{chapter.2}% 60
\BOOKMARK [1][-]{section.2.7}{\376\377\000S\000i\000m\000i\000l\000a\000r\000\040\000C\000o\000m\000m\000e\000r\000c\000i\000a\000l\000\040\000A\000p\000p\000l\000i\000c\000a\000t\000i\000o\000n\000s}{chapter.2}% 61
\BOOKMARK [2][-]{subsection.2.7.1}{\376\377\000A\000i\000d\000o\000c\000\040\000\050\000a\000i\000O\000S\041\042\000\051}{section.2.7}% 62
\BOOKMARK [2][-]{subsection.2.7.2}{\376\377\000V\000i\000z\000.\000a\000i\000\040\000\050\000V\000i\000z\000.\000a\000i\000\040\000O\000n\000e\000\256\000\051}{section.2.7}% 63
\BOOKMARK [2][-]{subsection.2.7.3}{\376\377\000Q\000u\000r\000e\000.\000a\000i\000\040\000\050\000q\000X\000R\000,\000\040\000q\000C\000T\000\051}{section.2.7}% 64
\BOOKMARK [2][-]{subsection.2.7.4}{\376\377\000H\000a\000r\000r\000i\000s\000o\000n\000.\000a\000i}{section.2.7}% 65
\BOOKMARK [2][-]{subsection.2.7.5}{\376\377\000L\000u\000n\000i\000t\000\040\000\050\000L\000u\000n\000i\000t\000\040\000I\000N\000S\000I\000G\000H\000T\000,\000\040\000L\000u\000n\000i\000t\000\040\000S\000C\000O\000P\000E\000\051}{section.2.7}% 66
\BOOKMARK [1][-]{section.2.8}{\376\377\000S\000u\000m\000m\000a\000r\000y}{chapter.2}% 67
\BOOKMARK [0][-]{chapter.3}{\376\377\000P\000r\000o\000p\000o\000s\000e\000d\000\040\000M\000o\000d\000e\000l\000s}{}% 68
\BOOKMARK [1][-]{section.3.1}{\376\377\000P\000r\000o\000p\000o\000s\000e\000d\000\040\000A\000r\000c\000h\000i\000t\000e\000c\000t\000u\000r\000e}{chapter.3}% 69
\BOOKMARK [2][-]{subsection.3.1.1}{\376\377\000A\000r\000c\000h\000i\000t\000e\000c\000t\000u\000r\000a\000l\000\040\000D\000e\000s\000i\000g\000n\000\040\000P\000h\000i\000l\000o\000s\000o\000p\000h\000y}{section.3.1}% 70
\BOOKMARK [2][-]{subsection.3.1.2}{\376\377\000S\000y\000s\000t\000e\000m\000\040\000W\000o\000r\000k\000f\000l\000o\000w}{section.3.1}% 71
\BOOKMARK [2][-]{subsection.3.1.3}{\376\377\000L\000e\000v\000e\000l\000\040\000O\000n\000e\000:\000\040\000M\000o\000d\000a\000l\000i\000t\000y\000\040\000R\000o\000u\000t\000i\000n\000g\000\040\000a\000n\000d\000\040\000O\000u\000t\000-\000o\000f\000-\000D\000i\000s\000t\000r\000i\000b\000u\000t\000i\000o\000n\000\040\000D\000e\000t\000e\000c\000t\000i\000o\000n}{section.3.1}% 72
\BOOKMARK [2][-]{subsection.3.1.4}{\376\377\000L\000e\000v\000e\000l\000\040\000T\000w\000o\000:\000\040\000C\000h\000e\000s\000t\000\040\000D\000i\000s\000e\000a\000s\000e\000\040\000D\000e\000t\000e\000c\000t\000i\000o\000n\000\040\000M\000o\000d\000e\000l}{section.3.1}% 73
\BOOKMARK [2][-]{subsection.3.1.5}{\376\377\000L\000e\000v\000e\000l\000\040\000T\000w\000o\000:\000\040\000L\000u\000n\000g\000\040\000C\000a\000n\000c\000e\000r\000\040\000D\000e\000t\000e\000c\000t\000i\000o\000n\000\040\000M\000o\000d\000e\000l}{section.3.1}% 74
\BOOKMARK [2][-]{subsection.3.1.6}{\376\377\000E\000x\000p\000l\000a\000i\000n\000a\000b\000l\000e\000\040\000A\000r\000t\000i\000f\000i\000c\000i\000a\000l\000\040\000I\000n\000t\000e\000l\000l\000i\000g\000e\000n\000c\000e\000\040\000I\000n\000t\000e\000g\000r\000a\000t\000i\000o\000n}{section.3.1}% 75
\BOOKMARK [2][-]{subsection.3.1.7}{\376\377\000F\000e\000d\000e\000r\000a\000t\000e\000d\000\040\000L\000e\000a\000r\000n\000i\000n\000g\000\040\000I\000n\000f\000r\000a\000s\000t\000r\000u\000c\000t\000u\000r\000e}{section.3.1}% 76
\BOOKMARK [1][-]{section.3.2}{\376\377\000M\000e\000d\000i\000c\000a\000l\000\040\000I\000m\000a\000g\000e\000\040\000R\000o\000u\000t\000i\000n\000g\000\040\000M\000o\000d\000e\000l}{chapter.3}% 77
\BOOKMARK [2][-]{subsection.3.2.1}{\376\377\000M\000o\000t\000i\000v\000a\000t\000i\000o\000n}{section.3.2}% 78
\BOOKMARK [2][-]{subsection.3.2.2}{\376\377\000P\000r\000o\000b\000l\000e\000m\000\040\000S\000t\000a\000t\000e\000m\000e\000n\000t}{section.3.2}% 79
\BOOKMARK [2][-]{subsection.3.2.3}{\376\377\000M\000o\000d\000e\000l\000\040\000A\000r\000c\000h\000i\000t\000e\000c\000t\000u\000r\000e}{section.3.2}% 80
\BOOKMARK [2][-]{subsection.3.2.4}{\376\377\000D\000e\000n\000s\000e\000N\000e\000t\0001\0002\0001\000\040\000A\000r\000c\000h\000i\000t\000e\000c\000t\000u\000r\000e}{section.3.2}% 81
\BOOKMARK [1][-]{section.3.3}{\376\377\000C\000h\000e\000s\000t\000\040\000D\000i\000s\000e\000a\000s\000e\000\040\000D\000e\000t\000e\000c\000t\000i\000o\000n\000\040\000M\000o\000d\000e\000l}{chapter.3}% 82
\BOOKMARK [2][-]{subsection.3.3.1}{\376\377\000M\000o\000t\000i\000v\000a\000t\000i\000o\000n}{section.3.3}% 83
\BOOKMARK [2][-]{subsection.3.3.2}{\376\377\000P\000r\000o\000b\000l\000e\000m\000\040\000S\000t\000a\000t\000e\000m\000e\000n\000t}{section.3.3}% 84
\BOOKMARK [2][-]{subsection.3.3.3}{\376\377\000M\000o\000d\000e\000l\000\040\000A\000r\000c\000h\000i\000t\000e\000c\000t\000u\000r\000e\000\040\000O\000v\000e\000r\000v\000i\000e\000w}{section.3.3}% 85
\BOOKMARK [2][-]{subsection.3.3.4}{\376\377\000D\000a\000t\000a\000s\000e\000t\000\040\000D\000e\000s\000c\000r\000i\000p\000t\000i\000o\000n}{section.3.3}% 86
\BOOKMARK [3][-]{subsubsection.3.3.4.1}{\376\377\000D\000a\000t\000a\000s\000e\000t\000\040\0001\000:\000\040\000C\000O\000V\000I\000D\000-\0001\0009\000\040\000R\000a\000d\000i\000o\000g\000r\000a\000p\000h\000y\000\040\000D\000a\000t\000a\000b\000a\000s\000e}{subsection.3.3.4}% 87
\BOOKMARK [3][-]{subsubsection.3.3.4.2}{\376\377\000D\000a\000t\000a\000s\000e\000t\000\040\0002\000:\000\040\000C\000h\000e\000s\000t\000\040\000X\000-\000R\000a\000y\000\040\000M\000u\000l\000t\000i\000c\000l\000a\000s\000s\000\040\000D\000a\000t\000a\000s\000e\000t\000\040\000w\000i\000t\000h\000\040\000N\000o\000n\000-\000X\000-\000R\000a\000y\000\040\000A\000n\000o\000m\000a\000l\000i\000e\000s}{subsection.3.3.4}% 88
\BOOKMARK [3][-]{subsubsection.3.3.4.3}{\376\377\000C\000o\000m\000b\000i\000n\000e\000d\000\040\000D\000a\000t\000a\000s\000e\000t\000\040\000a\000n\000d\000\040\000C\000l\000a\000s\000s\000\040\000D\000i\000s\000t\000r\000i\000b\000u\000t\000i\000o\000n}{subsection.3.3.4}% 89
\BOOKMARK [3][-]{subsubsection.3.3.4.4}{\376\377\000I\000m\000a\000g\000e\000\040\000P\000r\000e\000p\000r\000o\000c\000e\000s\000s\000i\000n\000g\000\040\000P\000i\000p\000e\000l\000i\000n\000e}{subsection.3.3.4}% 90
\BOOKMARK [3][-]{subsubsection.3.3.4.5}{\376\377\000L\000u\000n\000g\000\040\000S\000e\000g\000m\000e\000n\000t\000a\000t\000i\000o\000n\000\040\000D\000a\000t\000a\000s\000e\000t}{subsection.3.3.4}% 91
\BOOKMARK [2][-]{subsection.3.3.5}{\376\377\000S\000e\000g\000m\000e\000n\000t\000a\000t\000i\000o\000n\000\040\000M\000o\000d\000e\000l\000\040\000D\000e\000t\000a\000i\000l\000s}{section.3.3}% 92
\BOOKMARK [3][-]{subsubsection.3.3.5.1}{\376\377\000R\000a\000t\000i\000o\000n\000a\000l\000e\000\040\000f\000o\000r\000\040\000L\000u\000n\000g\000\040\000S\000e\000g\000m\000e\000n\000t\000a\000t\000i\000o\000n}{subsection.3.3.5}% 93
\BOOKMARK [3][-]{subsubsection.3.3.5.2}{\376\377\000U\000-\000N\000e\000t\000\040\000A\000r\000c\000h\000i\000t\000e\000c\000t\000u\000r\000e}{subsection.3.3.5}% 94
\BOOKMARK [3][-]{subsubsection.3.3.5.3}{\376\377\000L\000o\000s\000s\000\040\000F\000u\000n\000c\000t\000i\000o\000n\000s}{subsection.3.3.5}% 95
\BOOKMARK [3][-]{subsubsection.3.3.5.4}{\376\377\000T\000r\000a\000i\000n\000i\000n\000g\000\040\000C\000o\000n\000f\000i\000g\000u\000r\000a\000t\000i\000o\000n\000s}{subsection.3.3.5}% 96
\BOOKMARK [3][-]{subsubsection.3.3.5.5}{\376\377\000C\000l\000a\000s\000s\000i\000f\000i\000c\000a\000t\000i\000o\000n\000\040\000M\000o\000d\000e\000l\000:\000\040\000D\000e\000n\000s\000e\000N\000e\000t\0001\0002\0001\000\040\000w\000i\000t\000h\000\040\000O\000n\000e\000-\000v\000s\000-\000R\000e\000s\000t\000\040\000\050\000O\000V\000R\000\051}{subsection.3.3.5}% 97
\BOOKMARK [2][-]{subsection.3.3.6}{\376\377\000G\000r\000a\000d\000-\000C\000A\000M\000\040\000I\000n\000t\000e\000g\000r\000a\000t\000i\000o\000n}{section.3.3}% 98
\BOOKMARK [3][-]{subsubsection.3.3.6.1}{\376\377\000R\000a\000t\000i\000o\000n\000a\000l\000e\000\040\000f\000o\000r\000\040\000E\000x\000p\000l\000a\000i\000n\000a\000b\000i\000l\000i\000t\000y}{subsection.3.3.6}% 99
\BOOKMARK [3][-]{subsubsection.3.3.6.2}{\376\377\000G\000r\000a\000d\000i\000e\000n\000t\000-\000w\000e\000i\000g\000h\000t\000e\000d\000\040\000C\000l\000a\000s\000s\000\040\000A\000c\000t\000i\000v\000a\000t\000i\000o\000n\000\040\000M\000a\000p\000p\000i\000n\000g\000\040\000\050\000G\000r\000a\000d\000-\000C\000A\000M\000\051}{subsection.3.3.6}% 100
\BOOKMARK [3][-]{subsubsection.3.3.6.3}{\376\377\000O\000V\000R\000\040\000G\000r\000a\000d\000-\000C\000A\000M\000\040\000f\000o\000r\000\040\000M\000u\000l\000t\000i\000-\000C\000l\000a\000s\000s\000\040\000V\000i\000s\000u\000a\000l\000i\000z\000a\000t\000i\000o\000n}{subsection.3.3.6}% 101
\BOOKMARK [1][-]{section.3.4}{\376\377\000L\000u\000n\000g\000\040\000C\000a\000n\000c\000e\000r\000\040\000D\000e\000t\000e\000c\000t\000i\000o\000n\000\040\000M\000o\000d\000e\000l}{chapter.3}% 102
\BOOKMARK [2][-]{subsection.3.4.1}{\376\377\000M\000o\000t\000i\000v\000a\000t\000i\000o\000n}{section.3.4}% 103
\BOOKMARK [2][-]{subsection.3.4.2}{\376\377\000P\000r\000o\000b\000l\000e\000m\000\040\000S\000t\000a\000t\000e\000m\000e\000n\000t}{section.3.4}% 104
\BOOKMARK [2][-]{subsection.3.4.3}{\376\377\000M\000o\000d\000e\000l\000\040\000A\000r\000c\000h\000i\000t\000e\000c\000t\000u\000r\000e}{section.3.4}% 105
\BOOKMARK [3][-]{subsubsection.3.4.3.1}{\376\377\000M\000a\000s\000k\000-\000t\000o\000-\000B\000o\000u\000n\000d\000i\000n\000g\000-\000B\000o\000x\000\040\000C\000o\000n\000v\000e\000r\000s\000i\000o\000n}{subsection.3.4.3}% 106
\BOOKMARK [3][-]{subsubsection.3.4.3.2}{\376\377\000D\000a\000t\000a\000s\000e\000t\000\040\000P\000r\000e\000p\000a\000r\000a\000t\000i\000o\000n\000\040\000a\000n\000d\000\040\000S\000p\000l\000i\000t\000t\000i\000n\000g}{subsection.3.4.3}% 107
\BOOKMARK [3][-]{subsubsection.3.4.3.3}{\376\377\000Y\000O\000L\000O\000v\0008\000\040\000D\000e\000t\000e\000c\000t\000i\000o\000n\000\040\000A\000r\000c\000h\000i\000t\000e\000c\000t\000u\000r\000e}{subsection.3.4.3}% 108
\BOOKMARK [2][-]{subsection.3.4.4}{\376\377\000I\000n\000t\000e\000r\000p\000r\000e\000t\000a\000b\000i\000l\000i\000t\000y\000\040\000C\000o\000n\000s\000i\000d\000e\000r\000a\000t\000i\000o\000n\000s}{section.3.4}% 109
\BOOKMARK [3][-]{subsubsection.3.4.4.1}{\376\377\000D\000a\000t\000a\000s\000e\000t\000\040\000P\000r\000e\000p\000a\000r\000a\000t\000i\000o\000n\000\040\000a\000n\000d\000\040\000A\000n\000n\000o\000t\000a\000t\000i\000o\000n\000\040\000G\000e\000n\000e\000r\000a\000t\000i\000o\000n}{subsection.3.4.4}% 110
\BOOKMARK [2][-]{subsection.3.4.5}{\376\377\000D\000a\000t\000a\000s\000e\000t\000\040\000O\000r\000g\000a\000n\000i\000z\000a\000t\000i\000o\000n}{section.3.4}% 111
\BOOKMARK [3][-]{subsubsection.3.4.5.1}{\376\377\000Y\000O\000L\000O\000v\0008\000\040\000D\000e\000t\000e\000c\000t\000i\000o\000n\000\040\000A\000r\000c\000h\000i\000t\000e\000c\000t\000u\000r\000e}{subsection.3.4.5}% 112
\BOOKMARK [3][-]{subsubsection.3.4.5.2}{\376\377\000T\000r\000a\000n\000s\000f\000e\000r\000\040\000L\000e\000a\000r\000n\000i\000n\000g\000\040\000S\000t\000r\000a\000t\000e\000g\000y}{subsection.3.4.5}% 113
\BOOKMARK [3][-]{subsubsection.3.4.5.3}{\376\377\000T\000r\000a\000i\000n\000i\000n\000g\000\040\000C\000o\000n\000f\000i\000g\000u\000r\000a\000t\000i\000o\000n}{subsection.3.4.5}% 114
\BOOKMARK [1][-]{section.3.5}{\376\377\000F\000e\000d\000e\000r\000a\000t\000e\000d\000\040\000L\000e\000a\000r\000n\000i\000n\000g}{chapter.3}% 115
\BOOKMARK [2][-]{subsection.3.5.1}{\376\377\000C\000o\000n\000c\000e\000p\000t\000\040\000a\000n\000d\000\040\000M\000o\000t\000i\000v\000a\000t\000i\000o\000n}{section.3.5}% 116
\BOOKMARK [2][-]{subsection.3.5.2}{\376\377\000F\000e\000d\000e\000r\000a\000t\000e\000d\000\040\000L\000e\000a\000r\000n\000i\000n\000g\000\040\000i\000n\000\040\000M\000e\000d\000i\000c\000a\000l\000\040\000I\000m\000a\000g\000i\000n\000g}{section.3.5}% 117
\BOOKMARK [2][-]{subsection.3.5.3}{\376\377\000T\000h\000e\000\040\000F\000e\000d\000e\000r\000a\000t\000e\000d\000\040\000A\000v\000e\000r\000a\000g\000i\000n\000g\000\040\000A\000l\000g\000o\000r\000i\000t\000h\000m}{section.3.5}% 118
\BOOKMARK [2][-]{subsection.3.5.4}{\376\377\000K\000e\000y\000\040\000P\000a\000r\000a\000m\000e\000t\000e\000r\000s\000\040\000o\000f\000\040\000a\000\040\000F\000e\000d\000e\000r\000a\000t\000e\000d\000\040\000L\000e\000a\000r\000n\000i\000n\000g\000\040\000S\000y\000s\000t\000e\000m}{section.3.5}% 119
\BOOKMARK [2][-]{subsection.3.5.5}{\376\377\000S\000y\000s\000t\000e\000m\000\040\000A\000r\000c\000h\000i\000t\000e\000c\000t\000u\000r\000e\000\040\000O\000v\000e\000r\000v\000i\000e\000w}{section.3.5}% 120
\BOOKMARK [3][-]{subsubsection.3.5.5.1}{\376\377\000C\000l\000i\000e\000n\000t\040\023\000S\000e\000r\000v\000e\000r\000\040\000D\000e\000s\000i\000g\000n}{subsection.3.5.5}% 121
\BOOKMARK [3][-]{subsubsection.3.5.5.2}{\376\377\000C\000o\000m\000m\000u\000n\000i\000c\000a\000t\000i\000o\000n\000\040\000P\000r\000o\000t\000o\000c\000o\000l}{subsection.3.5.5}% 122
\BOOKMARK [2][-]{subsection.3.5.6}{\376\377\000M\000o\000d\000e\000l\000\040\000A\000r\000c\000h\000i\000t\000e\000c\000t\000u\000r\000e}{section.3.5}% 123
\BOOKMARK [3][-]{subsubsection.3.5.6.1}{\376\377\000F\000e\000d\000e\000r\000a\000t\000e\000d\000\040\000L\000e\000a\000r\000n\000i\000n\000g\000\040\000W\000o\000r\000k\000f\000l\000o\000w}{subsection.3.5.6}% 124
\BOOKMARK [3][-]{subsubsection.3.5.6.2}{\376\377\000L\000o\000c\000a\000l\000\040\000D\000a\000t\000a\000\040\000P\000r\000o\000c\000e\000s\000s\000i\000n\000g}{subsection.3.5.6}% 125
\BOOKMARK [3][-]{subsubsection.3.5.6.3}{\376\377\000L\000o\000c\000a\000l\000\040\000T\000r\000a\000i\000n\000i\000n\000g\000\040\000a\000n\000d\000\040\000M\000o\000d\000e\000l\000\040\000U\000p\000d\000a\000t\000e\000s}{subsection.3.5.6}% 126
\BOOKMARK [3][-]{subsubsection.3.5.6.4}{\376\377\000G\000l\000o\000b\000a\000l\000\040\000A\000g\000g\000r\000e\000g\000a\000t\000i\000o\000n}{subsection.3.5.6}% 127
\BOOKMARK [3][-]{subsubsection.3.5.6.5}{\376\377\000M\000o\000d\000e\000l\000\040\000E\000v\000a\000l\000u\000a\000t\000i\000o\000n\000\040\000a\000n\000d\000\040\000C\000h\000e\000c\000k\000p\000o\000i\000n\000t\000i\000n\000g}{subsection.3.5.6}% 128
\BOOKMARK [2][-]{subsection.3.5.7}{\376\377\000P\000r\000i\000v\000a\000c\000y\000\040\000a\000n\000d\000\040\000S\000e\000c\000u\000r\000i\000t\000y}{section.3.5}% 129
\BOOKMARK [3][-]{subsubsection.3.5.7.1}{\376\377\000C\000o\000r\000e\000\040\000P\000r\000i\000v\000a\000c\000y\000\040\000G\000u\000a\000r\000a\000n\000t\000e\000e}{subsection.3.5.7}% 130
\BOOKMARK [3][-]{subsubsection.3.5.7.2}{\376\377\000C\000e\000n\000t\000r\000a\000l\000i\000z\000e\000d\000\040\000v\000s\000.\000\040\000F\000e\000d\000e\000r\000a\000t\000e\000d\000\040\000C\000o\000m\000p\000a\000r\000i\000s\000o\000n}{subsection.3.5.7}% 131
\BOOKMARK [3][-]{subsubsection.3.5.7.3}{\376\377\000K\000n\000o\000w\000n\000\040\000T\000h\000r\000e\000a\000t\000s\000\040\000a\000n\000d\000\040\000M\000i\000t\000i\000g\000a\000t\000i\000o\000n\000s}{subsection.3.5.7}% 132
\BOOKMARK [3][-]{subsubsection.3.5.7.4}{\376\377\000G\000r\000a\000d\000i\000e\000n\000t\000\040\000I\000n\000v\000e\000r\000s\000i\000o\000n\000\040\000A\000t\000t\000a\000c\000k\000s}{subsection.3.5.7}% 133
\BOOKMARK [3][-]{subsubsection.3.5.7.5}{\376\377\000D\000i\000f\000f\000e\000r\000e\000n\000t\000i\000a\000l\000\040\000P\000r\000i\000v\000a\000c\000y}{subsection.3.5.7}% 134
\BOOKMARK [3][-]{subsubsection.3.5.7.6}{\376\377\000A\000d\000d\000i\000t\000i\000o\000n\000a\000l\000\040\000P\000r\000i\000v\000a\000c\000y\000\040\000C\000o\000n\000s\000i\000d\000e\000r\000a\000t\000i\000o\000n\000s}{subsection.3.5.7}% 135
\BOOKMARK [3][-]{subsubsection.3.5.7.7}{\376\377\000T\000r\000a\000n\000s\000p\000o\000r\000t\000-\000L\000a\000y\000e\000r\000\040\000S\000e\000c\000u\000r\000i\000t\000y\000\040\000\050\000T\000L\000S\000\051}{subsection.3.5.7}% 136
\BOOKMARK [3][-]{subsubsection.3.5.7.8}{\376\377\000A\000u\000t\000h\000e\000n\000t\000i\000c\000a\000t\000i\000o\000n\000\040\000a\000n\000d\000\040\000A\000c\000c\000e\000s\000s\000\040\000C\000o\000n\000t\000r\000o\000l}{subsection.3.5.7}% 137
\BOOKMARK [3][-]{subsubsection.3.5.7.9}{\376\377\000R\000o\000u\000n\000d\000\040\000I\000n\000t\000e\000g\000r\000i\000t\000y\000\040\000a\000n\000d\000\040\000L\000i\000v\000e\000n\000e\000s\000s\000\040\000C\000o\000n\000t\000r\000o\000l\000s}{subsection.3.5.7}% 138
\BOOKMARK [3][-]{subsubsection.3.5.7.10}{\376\377\000S\000e\000c\000u\000r\000i\000t\000y\000\040\000I\000m\000p\000l\000e\000m\000e\000n\000t\000a\000t\000i\000o\000n\000\040\000S\000t\000a\000t\000u\000s\000\040\000S\000u\000m\000m\000a\000r\000y}{subsection.3.5.7}% 139
\BOOKMARK [2][-]{subsection.3.5.8}{\376\377\000W\000h\000a\000t\000\040\000M\000a\000k\000e\000s\000\040\000t\000h\000e\000\040\000P\000r\000o\000p\000o\000s\000e\000d\000\040\000S\000y\000s\000t\000e\000m\000\040\000D\000i\000s\000t\000i\000n\000c\000t\000i\000v\000e}{section.3.5}% 140
\BOOKMARK [1][-]{section.3.6}{\376\377\000R\000e\000t\000r\000i\000e\000v\000a\000l\000-\000A\000u\000g\000m\000e\000n\000t\000e\000d\000\040\000G\000e\000n\000e\000r\000a\000t\000i\000o\000n\000\040\000\050\000R\000A\000G\000\051\000\040\000M\000o\000d\000e\000l}{chapter.3}% 141
\BOOKMARK [2][-]{subsection.3.6.1}{\376\377\000M\000o\000t\000i\000v\000a\000t\000i\000o\000n}{section.3.6}% 142
\BOOKMARK [2][-]{subsection.3.6.2}{\376\377\000O\000v\000e\000r\000v\000i\000e\000w\000\040\000o\000f\000\040\000t\000h\000e\000\040\000P\000r\000o\000p\000o\000s\000e\000d\000\040\000R\000A\000G\000\040\000A\000r\000c\000h\000i\000t\000e\000c\000t\000u\000r\000e}{section.3.6}% 143
\BOOKMARK [2][-]{subsection.3.6.3}{\376\377\000K\000n\000o\000w\000l\000e\000d\000g\000e\000\040\000B\000a\000s\000e\000\040\000C\000o\000n\000s\000t\000r\000u\000c\000t\000i\000o\000n}{section.3.6}% 144
\BOOKMARK [2][-]{subsection.3.6.4}{\376\377\000V\000e\000c\000t\000o\000r\000\040\000E\000m\000b\000e\000d\000d\000i\000n\000g\000\040\000G\000e\000n\000e\000r\000a\000t\000i\000o\000n}{section.3.6}% 145
\BOOKMARK [2][-]{subsection.3.6.5}{\376\377\000F\000A\000I\000S\000S\000\040\000V\000e\000c\000t\000o\000r\000\040\000D\000a\000t\000a\000b\000a\000s\000e}{section.3.6}% 146
\BOOKMARK [2][-]{subsection.3.6.6}{\376\377\000L\000a\000r\000g\000e\000\040\000L\000a\000n\000g\000u\000a\000g\000e\000\040\000M\000o\000d\000e\000l\000\040\000I\000n\000t\000e\000g\000r\000a\000t\000i\000o\000n}{section.3.6}% 147
\BOOKMARK [2][-]{subsection.3.6.7}{\376\377\000Q\000u\000e\000r\000y\000\040\000P\000r\000o\000c\000e\000s\000s\000i\000n\000g\000\040\000W\000o\000r\000k\000f\000l\000o\000w}{section.3.6}% 148
\BOOKMARK [2][-]{subsection.3.6.8}{\376\377\000S\000o\000u\000r\000c\000e\000\040\000A\000t\000t\000r\000i\000b\000u\000t\000i\000o\000n\000\040\000a\000n\000d\000\040\000E\000x\000p\000l\000a\000i\000n\000a\000b\000i\000l\000i\000t\000y}{section.3.6}% 149
\BOOKMARK [2][-]{subsection.3.6.9}{\376\377\000A\000d\000v\000a\000n\000t\000a\000g\000e\000s\000\040\000o\000f\000\040\000t\000h\000e\000\040\000P\000r\000o\000p\000o\000s\000e\000d\000\040\000A\000p\000p\000r\000o\000a\000c\000h}{section.3.6}% 150
\BOOKMARK [1][-]{section.3.7}{\376\377\000P\000l\000a\000t\000f\000o\000r\000m\000\040\000A\000r\000c\000h\000i\000t\000e\000c\000t\000u\000r\000e}{chapter.3}% 151
\BOOKMARK [2][-]{subsection.3.7.1}{\376\377\000E\000n\000d\000-\000t\000o\000-\000E\000n\000d\000\040\000S\000y\000s\000t\000e\000m\000\040\000A\000r\000c\000h\000i\000t\000e\000c\000t\000u\000r\000e}{section.3.7}% 152
\BOOKMARK [3][-]{subsubsection.3.7.1.1}{\376\377\000S\000e\000r\000v\000i\000c\000e\000\040\000M\000a\000p}{subsection.3.7.1}% 153
\BOOKMARK [3][-]{subsubsection.3.7.1.2}{\376\377\000E\000x\000t\000e\000r\000n\000a\000l\000\040\000I\000n\000f\000r\000a\000s\000t\000r\000u\000c\000t\000u\000r\000e}{subsection.3.7.1}% 154
\BOOKMARK [3][-]{subsubsection.3.7.1.3}{\376\377\000A\000r\000c\000h\000i\000t\000e\000c\000t\000u\000r\000e\000\040\000V\000i\000s\000u\000a\000l\000i\000z\000a\000t\000i\000o\000n}{subsection.3.7.1}% 155
\BOOKMARK [2][-]{subsection.3.7.2}{\376\377\000F\000r\000o\000n\000t\000e\000n\000d}{section.3.7}% 156
\BOOKMARK [3][-]{subsubsection.3.7.2.1}{\376\377\000T\000e\000c\000h\000n\000o\000l\000o\000g\000y\000\040\000S\000t\000a\000c\000k}{subsection.3.7.2}% 157
\BOOKMARK [3][-]{subsubsection.3.7.2.2}{\376\377\000U\000s\000e\000r\000\040\000R\000o\000l\000e\000s\000\040\000\046\000\040\000C\000a\000p\000a\000b\000i\000l\000i\000t\000i\000e\000s}{subsection.3.7.2}% 158
\BOOKMARK [3][-]{subsubsection.3.7.2.3}{\376\377\000K\000e\000y\000\040\000P\000a\000g\000e\000s\000\040\000a\000n\000d\000\040\000R\000o\000u\000t\000i\000n\000g}{subsection.3.7.2}% 159
\BOOKMARK [3][-]{subsubsection.3.7.2.4}{\376\377\000C\000o\000r\000e\000\040\000F\000e\000a\000t\000u\000r\000e\000s}{subsection.3.7.2}% 160
\BOOKMARK [2][-]{subsection.3.7.3}{\376\377\000C\000e\000n\000t\000r\000a\000l\000i\000z\000e\000d\000\040\000B\000a\000c\000k\000e\000n\000d\000\040\000\050\000S\000p\000r\000i\000n\000g\000\040\000B\000o\000o\000t\000\051}{section.3.7}% 161
\BOOKMARK [3][-]{subsubsection.3.7.3.1}{\376\377\000T\000e\000c\000h\000n\000o\000l\000o\000g\000y\000\040\000S\000t\000a\000c\000k}{subsection.3.7.3}% 162
\BOOKMARK [3][-]{subsubsection.3.7.3.2}{\376\377\000S\000e\000c\000u\000r\000i\000t\000y\000\040\000\046\000\040\000A\000u\000t\000h\000e\000n\000t\000i\000c\000a\000t\000i\000o\000n}{subsection.3.7.3}% 163
\BOOKMARK [3][-]{subsubsection.3.7.3.3}{\376\377\000M\000e\000d\000i\000c\000a\000l\000\040\000I\000m\000a\000g\000e\000\040\000P\000i\000p\000e\000l\000i\000n\000e}{subsection.3.7.3}% 164
\BOOKMARK [3][-]{subsubsection.3.7.3.4}{\376\377\000A\000p\000p\000o\000i\000n\000t\000m\000e\000n\000t\000\040\000M\000a\000n\000a\000g\000e\000m\000e\000n\000t}{subsection.3.7.3}% 165
\BOOKMARK [2][-]{subsection.3.7.4}{\376\377\000M\000L\000\040\000S\000e\000r\000v\000i\000c\000e\000\040\000-\000\040\000M\000o\000d\000e\000l\000B\000a\000c\000k\000e\000n\000d}{section.3.7}% 166
\BOOKMARK [3][-]{subsubsection.3.7.4.1}{\376\377\000M\000L\000\040\000M\000o\000d\000e\000l\000s}{subsection.3.7.4}% 167
\BOOKMARK [3][-]{subsubsection.3.7.4.2}{\376\377\000I\000m\000a\000g\000e\000\040\000P\000r\000o\000c\000e\000s\000s\000i\000n\000g\000\040\000P\000i\000p\000e\000l\000i\000n\000e}{subsection.3.7.4}% 168
\BOOKMARK [3][-]{subsubsection.3.7.4.3}{\376\377\000G\000r\000a\000d\000-\000C\000A\000M\000\040\000E\000x\000p\000l\000a\000i\000n\000a\000b\000i\000l\000i\000t\000y\000\040\000a\000n\000d\000\040\000L\000o\000c\000a\000l\000i\000z\000a\000t\000i\000o\000n}{subsection.3.7.4}% 169
\BOOKMARK [3][-]{subsubsection.3.7.4.4}{\376\377\000L\000o\000c\000a\000l\000i\000z\000a\000t\000i\000o\000n\000\040\000C\000a\000p\000a\000b\000i\000l\000i\000t\000y}{subsection.3.7.4}% 170
\BOOKMARK [3][-]{subsubsection.3.7.4.5}{\376\377\000R\000A\000G\000\040\000C\000h\000a\000t\000b\000o\000t\000\040\000M\000o\000d\000u\000l\000e}{subsection.3.7.4}% 171
\BOOKMARK [3][-]{subsubsection.3.7.4.6}{\376\377\000P\000e\000r\000f\000o\000r\000m\000a\000n\000c\000e\000\040\000P\000r\000o\000f\000i\000l\000e}{subsection.3.7.4}% 172
\BOOKMARK [2][-]{subsection.3.7.5}{\376\377\000F\000e\000d\000e\000r\000a\000t\000e\000d\000\040\000L\000e\000a\000r\000n\000i\000n\000g\000\040\000S\000e\000r\000v\000e\000r}{section.3.7}% 173
\BOOKMARK [3][-]{subsubsection.3.7.5.1}{\376\377\000D\000e\000s\000i\000g\000n\000\040\000P\000r\000i\000n\000c\000i\000p\000l\000e\000s}{subsection.3.7.5}% 174
\BOOKMARK [3][-]{subsubsection.3.7.5.2}{\376\377\000T\000r\000a\000i\000n\000i\000n\000g\000\040\000R\000o\000u\000n\000d\000\040\000L\000i\000f\000e\000c\000y\000c\000l\000e}{subsection.3.7.5}% 175
\BOOKMARK [3][-]{subsubsection.3.7.5.3}{\376\377\000R\000o\000u\000n\000d\000\040\000S\000t\000a\000t\000u\000s\000\040\000S\000t\000a\000t\000e\000s}{subsection.3.7.5}% 176
\BOOKMARK [3][-]{subsubsection.3.7.5.4}{\376\377\000S\000e\000c\000u\000r\000i\000t\000y}{subsection.3.7.5}% 177
\BOOKMARK [2][-]{subsection.3.7.6}{\376\377\000E\000n\000d\000-\000t\000o\000-\000E\000n\000d\000\040\000D\000a\000t\000a\000\040\000F\000l\000o\000w\000s}{section.3.7}% 178
\BOOKMARK [3][-]{subsubsection.3.7.6.1}{\376\377\000M\000e\000d\000i\000c\000a\000l\000\040\000I\000m\000a\000g\000e\000\040\000A\000n\000a\000l\000y\000s\000i\000s\000\040\000F\000l\000o\000w}{subsection.3.7.6}% 179
\BOOKMARK [3][-]{subsubsection.3.7.6.2}{\376\377\000U\000s\000e\000r\000\040\000A\000u\000t\000h\000e\000n\000t\000i\000c\000a\000t\000i\000o\000n\000\040\000F\000l\000o\000w}{subsection.3.7.6}% 180
\BOOKMARK [3][-]{subsubsection.3.7.6.3}{\376\377\000F\000e\000d\000e\000r\000a\000t\000e\000d\000\040\000L\000e\000a\000r\000n\000i\000n\000g\000\040\000H\000o\000s\000p\000i\000t\000a\000l\000\040\000S\000t\000a\000t\000u\000s\000\040\000F\000l\000o\000w}{subsection.3.7.6}% 181
\BOOKMARK [1][-]{section.3.8}{\376\377\000S\000u\000m\000m\000a\000r\000y}{chapter.3}% 182
\BOOKMARK [0][-]{chapter.4}{\376\377\000R\000e\000s\000u\000l\000t\000s\000\040\000a\000n\000d\000\040\000E\000v\000a\000l\000u\000a\000t\000i\000o\000n}{}% 183
\BOOKMARK [1][-]{section.4.1}{\376\377\000R\000o\000u\000t\000i\000n\000g\000\040\000M\000o\000d\000e\000l\000\040\000R\000e\000s\000u\000l\000t\000s}{chapter.4}% 184
\BOOKMARK [2][-]{subsection.4.1.1}{\376\377\000I\000m\000p\000l\000e\000m\000e\000n\000t\000a\000t\000i\000o\000n\000\040\000E\000n\000v\000i\000r\000o\000n\000m\000e\000n\000t\000\040\000a\000n\000d\000\040\000D\000e\000v\000e\000l\000o\000p\000m\000e\000n\000t\000\040\000T\000o\000o\000l\000s}{section.4.1}% 185
\BOOKMARK [2][-]{subsection.4.1.2}{\376\377\000D\000a\000t\000a\000s\000e\000t\000\040\000P\000r\000e\000p\000a\000r\000a\000t\000i\000o\000n\000\040\000a\000n\000d\000\040\000E\000x\000p\000e\000r\000i\000m\000e\000n\000t\000a\000l\000\040\000S\000e\000t\000u\000p}{section.4.1}% 186
\BOOKMARK [2][-]{subsection.4.1.3}{\376\377\000L\000e\000a\000r\000n\000i\000n\000g\000\040\000R\000a\000t\000e\000\040\000O\000p\000t\000i\000m\000i\000z\000a\000t\000i\000o\000n}{section.4.1}% 187
\BOOKMARK [2][-]{subsection.4.1.4}{\376\377\000C\000o\000m\000p\000a\000r\000a\000t\000i\000v\000e\000\040\000E\000v\000a\000l\000u\000a\000t\000i\000o\000n\000\040\000o\000f\000\040\000C\000a\000n\000d\000i\000d\000a\000t\000e\000\040\000A\000r\000c\000h\000i\000t\000e\000c\000t\000u\000r\000e\000s}{section.4.1}% 188
\BOOKMARK [2][-]{subsection.4.1.5}{\376\377\000T\000r\000a\000i\000n\000i\000n\000g\000\040\000a\000n\000d\000\040\000V\000a\000l\000i\000d\000a\000t\000i\000o\000n\000\040\000B\000e\000h\000a\000v\000i\000o\000r}{section.4.1}% 189
\BOOKMARK [2][-]{subsection.4.1.6}{\376\377\000C\000o\000n\000f\000u\000s\000i\000o\000n\000\040\000M\000a\000t\000r\000i\000x\000\040\000A\000n\000a\000l\000y\000s\000i\000s}{section.4.1}% 190
\BOOKMARK [2][-]{subsection.4.1.7}{\376\377\000D\000i\000s\000c\000u\000s\000s\000i\000o\000n}{section.4.1}% 191
\BOOKMARK [1][-]{section.4.2}{\376\377\000C\000h\000e\000s\000t\000\040\000D\000i\000s\000e\000a\000s\000e\000\040\000C\000l\000a\000s\000s\000i\000f\000i\000c\000a\000t\000i\000o\000n\000\040\000E\000x\000p\000e\000r\000i\000m\000e\000n\000t\000s}{chapter.4}% 192
\BOOKMARK [2][-]{subsection.4.2.1}{\376\377\000I\000m\000p\000l\000e\000m\000e\000n\000t\000a\000t\000i\000o\000n\000\040\000E\000n\000v\000i\000r\000o\000n\000m\000e\000n\000t\000\040\000a\000n\000d\000\040\000D\000e\000v\000e\000l\000o\000p\000m\000e\000n\000t\000\040\000T\000o\000o\000l\000s}{section.4.2}% 193
\BOOKMARK [3][-]{subsubsection.4.2.1.1}{\376\377\000H\000a\000r\000d\000w\000a\000r\000e\000\040\000E\000n\000v\000i\000r\000o\000n\000m\000e\000n\000t}{subsection.4.2.1}% 194
\BOOKMARK [3][-]{subsubsection.4.2.1.2}{\376\377\000S\000o\000f\000t\000w\000a\000r\000e\000\040\000F\000r\000a\000m\000e\000w\000o\000r\000k\000s\000\040\000a\000n\000d\000\040\000L\000i\000b\000r\000a\000r\000i\000e\000s}{subsection.4.2.1}% 195
\BOOKMARK [3][-]{subsubsection.4.2.1.3}{\376\377\000D\000e\000v\000e\000l\000o\000p\000m\000e\000n\000t\000\040\000W\000o\000r\000k\000f\000l\000o\000w}{subsection.4.2.1}% 196
\BOOKMARK [2][-]{subsection.4.2.2}{\376\377\000D\000a\000t\000a\000s\000e\000t\000\040\000P\000r\000e\000p\000a\000r\000a\000t\000i\000o\000n\000\040\000a\000n\000d\000\040\000E\000x\000p\000e\000r\000i\000m\000e\000n\000t\000a\000l\000\040\000S\000e\000t\000u\000p}{section.4.2}% 197
\BOOKMARK [3][-]{subsubsection.4.2.2.1}{\376\377\000D\000a\000t\000a\000s\000e\000t\000\040\000S\000p\000l\000i\000t\000s\000\040\000a\000n\000d\000\040\000C\000l\000a\000s\000s\000\040\000D\000i\000s\000t\000r\000i\000b\000u\000t\000i\000o\000n}{subsection.4.2.2}% 198
\BOOKMARK [3][-]{subsubsection.4.2.2.2}{\376\377\000D\000a\000t\000a\000\040\000A\000u\000g\000m\000e\000n\000t\000a\000t\000i\000o\000n\000\040\000S\000t\000r\000a\000t\000e\000g\000y}{subsection.4.2.2}% 199
\BOOKMARK [3][-]{subsubsection.4.2.2.3}{\376\377\000C\000l\000a\000s\000s\000\040\000W\000e\000i\000g\000h\000t\000i\000n\000g}{subsection.4.2.2}% 200
\BOOKMARK [3][-]{subsubsection.4.2.2.4}{\376\377\000E\000v\000a\000l\000u\000a\000t\000i\000o\000n\000\040\000M\000e\000t\000r\000i\000c\000s}{subsection.4.2.2}% 201
\BOOKMARK [2][-]{subsection.4.2.3}{\376\377\000S\000i\000n\000g\000l\000e\000-\000L\000a\000b\000e\000l\000\040\000C\000l\000a\000s\000s\000i\000f\000i\000c\000a\000t\000i\000o\000n\000\040\000R\000e\000s\000u\000l\000t\000s\000\040\000\050\000S\000o\000f\000t\000M\000a\000x\000\040\000A\000p\000p\000r\000o\000a\000c\000h\000\051}{section.4.2}% 202
\BOOKMARK [3][-]{subsubsection.4.2.3.1}{\376\377\000D\000e\000n\000s\000e\000N\000e\000t\0001\0002\0001\000\040\000\050\000S\000o\000f\000t\000M\000a\000x\000,\000\040\000T\000w\000o\000-\000P\000h\000a\000s\000e\000\040\000F\000i\000n\000e\000-\000T\000u\000n\000i\000n\000g\000\051}{subsection.4.2.3}% 203
\BOOKMARK [3][-]{subsubsection.4.2.3.2}{\376\377\000R\000e\000s\000N\000e\000t\0005\0000\000V\0002\000\040\000\050\000S\000o\000f\000t\000m\000a\000x\000,\000\040\000P\000a\000r\000t\000i\000a\000l\000\040\000F\000i\000n\000e\000-\000T\000u\000n\000i\000n\000g\000\051}{subsection.4.2.3}% 204
\BOOKMARK [3][-]{subsubsection.4.2.3.3}{\376\377\000E\000f\000f\000i\000c\000i\000e\000n\000t\000N\000e\000t\000\040\000\050\000S\000o\000f\000t\000M\000a\000x\000\051}{subsection.4.2.3}% 205
\BOOKMARK [3][-]{subsubsection.4.2.3.4}{\376\377\000V\000G\000G\000-\0001\0009\000\040\000\050\000S\000o\000f\000t\000M\000a\000x\000\051}{subsection.4.2.3}% 206
\BOOKMARK [2][-]{subsection.4.2.4}{\376\377\000O\000n\000e\000-\000v\000s\000-\000R\000e\000s\000t\000\040\000C\000l\000a\000s\000s\000i\000f\000i\000c\000a\000t\000i\000o\000n\000\040\000R\000e\000s\000u\000l\000t\000s\000\040\000\050\000O\000V\000R\000\040\000/\000\040\000S\000i\000g\000m\000o\000i\000d\000\040\000A\000p\000p\000r\000o\000a\000c\000h\000\051}{section.4.2}% 207
\BOOKMARK [3][-]{subsubsection.4.2.4.1}{\376\377\000R\000e\000s\000N\000e\000t\0005\0000\000\040\000O\000V\000R\000\040\000\050\000S\000i\000g\000m\000o\000i\000d\000\051}{subsection.4.2.4}% 208
\BOOKMARK [3][-]{subsubsection.4.2.4.2}{\376\377\000D\000e\000n\000s\000e\000N\000e\000t\0001\0002\0001\000\040\000O\000V\000R\000\040\000\050\000S\000i\000g\000m\000o\000i\000d\000\051}{subsection.4.2.4}% 209
\BOOKMARK [2][-]{subsection.4.2.5}{\376\377\000F\000e\000d\000e\000r\000a\000t\000e\000d\000\040\000L\000e\000a\000r\000n\000i\000n\000g\000\040\000R\000e\000s\000u\000l\000t\000s}{section.4.2}% 210
\BOOKMARK [3][-]{subsubsection.4.2.5.1}{\376\377\000F\000e\000d\000e\000r\000a\000t\000e\000d\000\040\000L\000e\000a\000r\000n\000i\000n\000g\000\040\000F\000r\000a\000m\000e\000w\000o\000r\000k\000\040\000a\000n\000d\000\040\000A\000r\000c\000h\000i\000t\000e\000c\000t\000u\000r\000e}{subsection.4.2.5}% 211
\BOOKMARK [3][-]{subsubsection.4.2.5.2}{\376\377\000F\000e\000d\000e\000r\000a\000t\000e\000d\000\040\000L\000e\000a\000r\000n\000i\000n\000g\000\040\000w\000i\000t\000h\000\040\0002\000\040\000C\000l\000i\000e\000n\000t\000s}{subsection.4.2.5}% 212
\BOOKMARK [3][-]{subsubsection.4.2.5.3}{\376\377\000F\000e\000d\000e\000r\000a\000t\000e\000d\000\040\000L\000e\000a\000r\000n\000i\000n\000g\000\040\000w\000i\000t\000h\000\040\0003\000\040\000C\000l\000i\000e\000n\000t\000s}{subsection.4.2.5}% 213
\BOOKMARK [3][-]{subsubsection.4.2.5.4}{\376\377\000F\000e\000d\000e\000r\000a\000t\000e\000d\000\040\000L\000e\000a\000r\000n\000i\000n\000g\000\040\000w\000i\000t\000h\000\040\0004\000\040\000C\000l\000i\000e\000n\000t\000s}{subsection.4.2.5}% 214
\BOOKMARK [1][-]{section.4.3}{\376\377\000E\000v\000a\000l\000u\000a\000t\000i\000o\000n\000\040\000o\000f\000\040\000t\000h\000e\000\040\000L\000u\000n\000g\000\040\000C\000a\000n\000c\000e\000r\000\040\000D\000e\000t\000e\000c\000t\000i\000o\000n\000\040\000M\000o\000d\000e\000l}{chapter.4}% 215
\BOOKMARK [2][-]{subsection.4.3.1}{\376\377\000E\000x\000p\000e\000r\000i\000m\000e\000n\000t\000a\000l\000\040\000S\000e\000t\000u\000p}{section.4.3}% 216
\BOOKMARK [2][-]{subsection.4.3.2}{\376\377\000P\000r\000e\000v\000i\000o\000u\000s\000\040\000M\000o\000d\000e\000l\000\040\000E\000x\000p\000e\000r\000i\000m\000e\000n\000t\000s}{section.4.3}% 217
\BOOKMARK [3][-]{subsubsection.4.3.2.1}{\376\377\000D\000a\000t\000a\000s\000e\000t\000\040\000U\000s\000e\000d}{subsection.4.3.2}% 218
\BOOKMARK [3][-]{subsubsection.4.3.2.2}{\376\377\000M\000e\000d\000i\000c\000a\000l\000\040\000I\000m\000a\000g\000e\000\040\000P\000r\000e\000p\000r\000o\000c\000e\000s\000s\000i\000n\000g\000\040\000P\000i\000p\000e\000l\000i\000n\000e}{subsection.4.3.2}% 219
\BOOKMARK [3][-]{subsubsection.4.3.2.3}{\376\377\000D\000a\000t\000a\000\040\000A\000u\000g\000m\000e\000n\000t\000a\000t\000i\000o\000n}{subsection.4.3.2}% 220
\BOOKMARK [3][-]{subsubsection.4.3.2.4}{\376\377\000M\000o\000d\000e\000l\000\040\000E\000v\000a\000l\000u\000a\000t\000i\000o\000n\000\040\000a\000n\000d\000\040\000I\000n\000t\000e\000r\000p\000r\000e\000t\000a\000b\000i\000l\000i\000t\000y\000\040\000A\000n\000a\000l\000y\000s\000i\000s}{subsection.4.3.2}% 221
\BOOKMARK [3][-]{subsubsection.4.3.2.5}{\376\377\000D\000e\000n\000s\000e\000N\000e\000t\0001\0002\0001}{subsection.4.3.2}% 222
\BOOKMARK [3][-]{subsubsection.4.3.2.6}{\376\377\000R\000e\000s\000N\000e\000t\0005\0000}{subsection.4.3.2}% 223
\BOOKMARK [3][-]{subsubsection.4.3.2.7}{\376\377\000E\000f\000f\000i\000c\000i\000e\000n\000t\000N\000e\000t\000-\000B\0000}{subsection.4.3.2}% 224
\BOOKMARK [2][-]{subsection.4.3.3}{\376\377\000C\000e\000n\000t\000r\000a\000l\000i\000z\000e\000d\000\040\000M\000o\000d\000e\000l\000\040\000R\000e\000s\000u\000l\000t\000s}{section.4.3}% 225
\BOOKMARK [2][-]{subsection.4.3.4}{\376\377\000F\000e\000d\000e\000r\000a\000t\000e\000d\000\040\000L\000e\000a\000r\000n\000i\000n\000g\000\040\000M\000o\000d\000e\000l\000\040\000R\000e\000s\000u\000l\000t\000s}{section.4.3}% 226
\BOOKMARK [2][-]{subsection.4.3.5}{\376\377\000C\000o\000m\000p\000a\000r\000a\000t\000i\000v\000e\000\040\000A\000n\000a\000l\000y\000s\000i\000s}{section.4.3}% 227
\BOOKMARK [2][-]{subsection.4.3.6}{\376\377\000C\000o\000n\000c\000l\000u\000s\000i\000o\000n\000\040\000a\000n\000d\000\040\000R\000e\000g\000u\000l\000a\000t\000o\000r\000y\000\040\000A\000d\000v\000a\000n\000t\000a\000g\000e}{section.4.3}% 228
\BOOKMARK [1][-]{section.4.4}{\376\377\000S\000u\000m\000m\000a\000r\000y}{chapter.4}% 229
\BOOKMARK [0][-]{chapter.5}{\376\377\000C\000o\000n\000c\000l\000u\000s\000i\000o\000n}{}% 230
\BOOKMARK [1][-]{section.5.1}{\376\377\000A\000c\000h\000i\000e\000v\000e\000m\000e\000n\000t\000\040\000o\000f\000\040\000P\000r\000o\000j\000e\000c\000t\000\040\000O\000b\000j\000e\000c\000t\000i\000v\000e\000s}{chapter.5}% 231
\BOOKMARK [1][-]{section.5.2}{\376\377\000D\000i\000s\000c\000u\000s\000s\000i\000o\000n\000\040\000o\000f\000\040\000t\000h\000e\000\040\000P\000r\000o\000p\000o\000s\000e\000d\000\040\000F\000r\000a\000m\000e\000w\000o\000r\000k}{chapter.5}% 232
\BOOKMARK [1][-]{section.5.3}{\376\377\000D\000i\000s\000c\000u\000s\000s\000i\000o\000n\000\040\000o\000f\000\040\000I\000n\000d\000i\000v\000i\000d\000u\000a\000l\000\040\000S\000y\000s\000t\000e\000m\000\040\000C\000o\000m\000p\000o\000n\000e\000n\000t\000s}{chapter.5}% 233
\BOOKMARK [2][-]{subsection.5.3.1}{\376\377\000R\000o\000u\000t\000i\000n\000g\000\040\000M\000o\000d\000e\000l}{section.5.3}% 234
\BOOKMARK [2][-]{subsection.5.3.2}{\376\377\000C\000h\000e\000s\000t\000\040\000D\000i\000s\000e\000a\000s\000e\000\040\000C\000l\000a\000s\000s\000i\000f\000i\000c\000a\000t\000i\000o\000n\000\040\000M\000o\000d\000e\000l}{section.5.3}% 235
\BOOKMARK [2][-]{subsection.5.3.3}{\376\377\000L\000u\000n\000g\000\040\000C\000a\000n\000c\000e\000r\000\040\000D\000e\000t\000e\000c\000t\000i\000o\000n\000\040\000M\000o\000d\000e\000l}{section.5.3}% 236
\BOOKMARK [2][-]{subsection.5.3.4}{\376\377\000E\000x\000p\000l\000a\000i\000n\000a\000b\000l\000e\000\040\000A\000r\000t\000i\000f\000i\000c\000i\000a\000l\000\040\000I\000n\000t\000e\000l\000l\000i\000g\000e\000n\000c\000e\000\040\000C\000o\000m\000p\000o\000n\000e\000n\000t}{section.5.3}% 237
\BOOKMARK [2][-]{subsection.5.3.5}{\376\377\000F\000e\000d\000e\000r\000a\000t\000e\000d\000\040\000L\000e\000a\000r\000n\000i\000n\000g\000\040\000C\000o\000m\000p\000o\000n\000e\000n\000t}{section.5.3}% 238
\BOOKMARK [1][-]{section.5.4}{\376\377\000P\000r\000a\000c\000t\000i\000c\000a\000l\000\040\000a\000n\000d\000\040\000C\000l\000i\000n\000i\000c\000a\000l\000\040\000S\000i\000g\000n\000i\000f\000i\000c\000a\000n\000c\000e}{chapter.5}% 239
\BOOKMARK [1][-]{section.5.5}{\376\377\000P\000r\000o\000j\000e\000c\000t\000\040\000C\000o\000n\000t\000r\000i\000b\000u\000t\000i\000o\000n\000s}{chapter.5}% 240
\BOOKMARK [1][-]{section.5.6}{\376\377\000C\000h\000a\000l\000l\000e\000n\000g\000e\000s\000\040\000E\000n\000c\000o\000u\000n\000t\000e\000r\000e\000d\000\040\000D\000u\000r\000i\000n\000g\000\040\000D\000e\000v\000e\000l\000o\000p\000m\000e\000n\000t}{chapter.5}% 241
\BOOKMARK [1][-]{section.5.7}{\376\377\000L\000i\000m\000i\000t\000a\000t\000i\000o\000n\000s}{chapter.5}% 242
\BOOKMARK [1][-]{section.5.8}{\376\377\000F\000u\000t\000u\000r\000e\000\040\000W\000o\000r\000k}{chapter.5}% 243
\BOOKMARK [1][-]{section.5.9}{\376\377\000F\000i\000n\000a\000l\000\040\000R\000e\000m\000a\000r\000k\000s}{chapter.5}% 244
\BOOKMARK [0][-]{chapter*.182}{\376\377\000R\000e\000f\000e\000r\000e\000n\000c\000e\000s}{}% 245
